[2025-02-10 06:59:36] local.ERROR: POST_/customer/create-project:ErrorException: Undefined array key "files" in /var/www/html/rivi.com.vn/app/Http/Controllers/Customer/ProjectController.php:142
Stack trace:
#0 /var/www/html/rivi.com.vn/vendor/laravel/framework/src/Illuminate/Foundation/Bootstrap/HandleExceptions.php(256): Illuminate\Foundation\Bootstrap\HandleExceptions->handleError()
#1 /var/www/html/rivi.com.vn/app/Http/Controllers/Customer/ProjectController.php(142): Illuminate\Foundation\Bootstrap\HandleExceptions->Illuminate\Foundation\Bootstrap\{closure}()
#2 /var/www/html/rivi.com.vn/vendor/laravel/framework/src/Illuminate/Routing/Controller.php(54): App\Http\Controllers\Customer\ProjectController->store()
#3 /var/www/html/rivi.com.vn/vendor/laravel/framework/src/Illuminate/Routing/ControllerDispatcher.php(43): Illuminate\Routing\Controller->callAction()
#4 /var/www/html/rivi.com.vn/vendor/laravel/framework/src/Illuminate/Routing/Route.php(262): Illuminate\Routing\ControllerDispatcher->dispatch()
#5 /var/www/html/rivi.com.vn/vendor/laravel/framework/src/Illuminate/Routing/Route.php(208): Illuminate\Routing\Route->runController()
#6 /var/www/html/rivi.com.vn/vendor/laravel/framework/src/Illuminate/Routing/Router.php(808): Illuminate\Routing\Route->run()
#7 /var/www/html/rivi.com.vn/vendor/laravel/framework/src/Illuminate/Pipeline/Pipeline.php(144): Illuminate\Routing\Router->Illuminate\Routing\{closure}()
#8 /var/www/html/rivi.com.vn/app/Http/Middleware/CustomerAuth.php(22): Illuminate\Pipeline\Pipeline->Illuminate\Pipeline\{closure}()
#9 /var/www/html/rivi.com.vn/vendor/laravel/framework/src/Illuminate/Pipeline/Pipeline.php(183): App\Http\Middleware\CustomerAuth->handle()
#10 /var/www/html/rivi.com.vn/app/Http/Middleware/Authenticate.php(48): Illuminate\Pipeline\Pipeline->Illuminate\Pipeline\{closure}()
#11 /var/www/html/rivi.com.vn/vendor/laravel/framework/src/Illuminate/Pipeline/Pipeline.php(183): App\Http\Middleware\Authenticate->handle()
#12 /var/www/html/rivi.com.vn/app/Http/Middleware/Locale.php(20): Illuminate\Pipeline\Pipeline->Illuminate\Pipeline\{closure}()
#13 /var/www/html/rivi.com.vn/vendor/laravel/framework/src/Illuminate/Pipeline/Pipeline.php(183): App\Http\Middleware\Locale->handle()
#14 /var/www/html/rivi.com.vn/vendor/laravel/framework/src/Illuminate/Routing/Middleware/SubstituteBindings.php(51): Illuminate\Pipeline\Pipeline->Illuminate\Pipeline\{closure}()
#15 /var/www/html/rivi.com.vn/vendor/laravel/framework/src/Illuminate/Pipeline/Pipeline.php(183): Illuminate\Routing\Middleware\SubstituteBindings->handle()
#16 /var/www/html/rivi.com.vn/vendor/laravel/framework/src/Illuminate/Foundation/Http/Middleware/VerifyCsrfToken.php(88): Illuminate\Pipeline\Pipeline->Illuminate\Pipeline\{closure}()
#17 /var/www/html/rivi.com.vn/vendor/laravel/framework/src/Illuminate/Pipeline/Pipeline.php(183): Illuminate\Foundation\Http\Middleware\VerifyCsrfToken->handle()
#18 /var/www/html/rivi.com.vn/vendor/laravel/framework/src/Illuminate/View/Middleware/ShareErrorsFromSession.php(49): Illuminate\Pipeline\Pipeline->Illuminate\Pipeline\{closure}()
#19 /var/www/html/rivi.com.vn/vendor/laravel/framework/src/Illuminate/Pipeline/Pipeline.php(183): Illuminate\View\Middleware\ShareErrorsFromSession->handle()
#20 /var/www/html/rivi.com.vn/vendor/laravel/framework/src/Illuminate/Session/Middleware/StartSession.php(121): Illuminate\Pipeline\Pipeline->Illuminate\Pipeline\{closure}()
#21 /var/www/html/rivi.com.vn/vendor/laravel/framework/src/Illuminate/Session/Middleware/StartSession.php(64): Illuminate\Session\Middleware\StartSession->handleStatefulRequest()
#22 /var/www/html/rivi.com.vn/vendor/laravel/framework/src/Illuminate/Pipeline/Pipeline.php(183): Illuminate\Session\Middleware\StartSession->handle()
#23 /var/www/html/rivi.com.vn/vendor/laravel/framework/src/Illuminate/Cookie/Middleware/AddQueuedCookiesToResponse.php(37): Illuminate\Pipeline\Pipeline->Illuminate\Pipeline\{closure}()
#24 /var/www/html/rivi.com.vn/vendor/laravel/framework/src/Illuminate/Pipeline/Pipeline.php(183): Illuminate\Cookie\Middleware\AddQueuedCookiesToResponse->handle()
#25 /var/www/html/rivi.com.vn/vendor/laravel/framework/src/Illuminate/Cookie/Middleware/EncryptCookies.php(75): Illuminate\Pipeline\Pipeline->Illuminate\Pipeline\{closure}()
#26 /var/www/html/rivi.com.vn/vendor/laravel/framework/src/Illuminate/Pipeline/Pipeline.php(183): Illuminate\Cookie\Middleware\EncryptCookies->handle()
#27 /var/www/html/rivi.com.vn/vendor/laravel/framework/src/Illuminate/Pipeline/Pipeline.php(119): Illuminate\Pipeline\Pipeline->Illuminate\Pipeline\{closure}()
#28 /var/www/html/rivi.com.vn/vendor/laravel/framework/src/Illuminate/Routing/Router.php(807): Illuminate\Pipeline\Pipeline->then()
#29 /var/www/html/rivi.com.vn/vendor/laravel/framework/src/Illuminate/Routing/Router.php(786): Illuminate\Routing\Router->runRouteWithinStack()
#30 /var/www/html/rivi.com.vn/vendor/laravel/framework/src/Illuminate/Routing/Router.php(750): Illuminate\Routing\Router->runRoute()
#31 /var/www/html/rivi.com.vn/vendor/laravel/framework/src/Illuminate/Routing/Router.php(739): Illuminate\Routing\Router->dispatchToRoute()
#32 /var/www/html/rivi.com.vn/vendor/laravel/framework/src/Illuminate/Foundation/Http/Kernel.php(201): Illuminate\Routing\Router->dispatch()
#33 /var/www/html/rivi.com.vn/vendor/laravel/framework/src/Illuminate/Pipeline/Pipeline.php(144): Illuminate\Foundation\Http\Kernel->Illuminate\Foundation\Http\{closure}()
#34 /var/www/html/rivi.com.vn/app/Http/Middleware/LogRequestParams.php(18): Illuminate\Pipeline\Pipeline->Illuminate\Pipeline\{closure}()
#35 /var/www/html/rivi.com.vn/vendor/laravel/framework/src/Illuminate/Pipeline/Pipeline.php(183): App\Http\Middleware\LogRequestParams->handle()
#36 /var/www/html/rivi.com.vn/app/Http/Middleware/DenyInactiveAccount.php(18): Illuminate\Pipeline\Pipeline->Illuminate\Pipeline\{closure}()
#37 /var/www/html/rivi.com.vn/vendor/laravel/framework/src/Illuminate/Pipeline/Pipeline.php(183): App\Http\Middleware\DenyInactiveAccount->handle()
#38 /var/www/html/rivi.com.vn/app/Http/Middleware/CheckTokenExpiration.php(18): Illuminate\Pipeline\Pipeline->Illuminate\Pipeline\{closure}()
#39 /var/www/html/rivi.com.vn/vendor/laravel/framework/src/Illuminate/Pipeline/Pipeline.php(183): App\Http\Middleware\CheckTokenExpiration->handle()
#40 /var/www/html/rivi.com.vn/vendor/laravel/framework/src/Illuminate/Foundation/Http/Middleware/TransformsRequest.php(21): Illuminate\Pipeline\Pipeline->Illuminate\Pipeline\{closure}()
#41 /var/www/html/rivi.com.vn/vendor/laravel/framework/src/Illuminate/Foundation/Http/Middleware/ConvertEmptyStringsToNull.php(31): Illuminate\Foundation\Http\Middleware\TransformsRequest->handle()
#42 /var/www/html/rivi.com.vn/vendor/laravel/framework/src/Illuminate/Pipeline/Pipeline.php(183): Illuminate\Foundation\Http\Middleware\ConvertEmptyStringsToNull->handle()
#43 /var/www/html/rivi.com.vn/vendor/laravel/framework/src/Illuminate/Foundation/Http/Middleware/TransformsRequest.php(21): Illuminate\Pipeline\Pipeline->Illuminate\Pipeline\{closure}()
#44 /var/www/html/rivi.com.vn/vendor/laravel/framework/src/Illuminate/Foundation/Http/Middleware/TrimStrings.php(51): Illuminate\Foundation\Http\Middleware\TransformsRequest->handle()
#45 /var/www/html/rivi.com.vn/vendor/laravel/framework/src/Illuminate/Pipeline/Pipeline.php(183): Illuminate\Foundation\Http\Middleware\TrimStrings->handle()
#46 /var/www/html/rivi.com.vn/vendor/laravel/framework/src/Illuminate/Http/Middleware/ValidatePostSize.php(27): Illuminate\Pipeline\Pipeline->Illuminate\Pipeline\{closure}()
#47 /var/www/html/rivi.com.vn/vendor/laravel/framework/src/Illuminate/Pipeline/Pipeline.php(183): Illuminate\Http\Middleware\ValidatePostSize->handle()
#48 /var/www/html/rivi.com.vn/vendor/laravel/framework/src/Illuminate/Foundation/Http/Middleware/PreventRequestsDuringMaintenance.php(110): Illuminate\Pipeline\Pipeline->Illuminate\Pipeline\{closure}()
#49 /var/www/html/rivi.com.vn/vendor/laravel/framework/src/Illuminate/Pipeline/Pipeline.php(183): Illuminate\Foundation\Http\Middleware\PreventRequestsDuringMaintenance->handle()
#50 /var/www/html/rivi.com.vn/vendor/laravel/framework/src/Illuminate/Http/Middleware/HandleCors.php(49): Illuminate\Pipeline\Pipeline->Illuminate\Pipeline\{closure}()
#51 /var/www/html/rivi.com.vn/vendor/laravel/framework/src/Illuminate/Pipeline/Pipeline.php(183): Illuminate\Http\Middleware\HandleCors->handle()
#52 /var/www/html/rivi.com.vn/vendor/laravel/framework/src/Illuminate/Http/Middleware/TrustProxies.php(58): Illuminate\Pipeline\Pipeline->Illuminate\Pipeline\{closure}()
#53 /var/www/html/rivi.com.vn/vendor/laravel/framework/src/Illuminate/Pipeline/Pipeline.php(183): Illuminate\Http\Middleware\TrustProxies->handle()
#54 /var/www/html/rivi.com.vn/vendor/laravel/framework/src/Illuminate/Foundation/Http/Middleware/InvokeDeferredCallbacks.php(22): Illuminate\Pipeline\Pipeline->Illuminate\Pipeline\{closure}()
#55 /var/www/html/rivi.com.vn/vendor/laravel/framework/src/Illuminate/Pipeline/Pipeline.php(183): Illuminate\Foundation\Http\Middleware\InvokeDeferredCallbacks->handle()
#56 /var/www/html/rivi.com.vn/vendor/laravel/framework/src/Illuminate/Pipeline/Pipeline.php(119): Illuminate\Pipeline\Pipeline->Illuminate\Pipeline\{closure}()
#57 /var/www/html/rivi.com.vn/vendor/laravel/framework/src/Illuminate/Foundation/Http/Kernel.php(176): Illuminate\Pipeline\Pipeline->then()
#58 /var/www/html/rivi.com.vn/vendor/laravel/framework/src/Illuminate/Foundation/Http/Kernel.php(145): Illuminate\Foundation\Http\Kernel->sendRequestThroughRouter()
#59 /var/www/html/rivi.com.vn/vendor/laravel/framework/src/Illuminate/Foundation/Application.php(1188): Illuminate\Foundation\Http\Kernel->handle()
#60 /var/www/html/rivi.com.vn/public/index.php(17): Illuminate\Foundation\Application->handleRequest()
#61 {main}  
[2025-02-10 07:07:49] local.ERROR: POST_/customer/create-project:ErrorException: Undefined array key "files" in /var/www/html/rivi.com.vn/app/Http/Controllers/Customer/ProjectController.php:142
Stack trace:
#0 /var/www/html/rivi.com.vn/vendor/laravel/framework/src/Illuminate/Foundation/Bootstrap/HandleExceptions.php(256): Illuminate\Foundation\Bootstrap\HandleExceptions->handleError()
#1 /var/www/html/rivi.com.vn/app/Http/Controllers/Customer/ProjectController.php(142): Illuminate\Foundation\Bootstrap\HandleExceptions->Illuminate\Foundation\Bootstrap\{closure}()
#2 /var/www/html/rivi.com.vn/vendor/laravel/framework/src/Illuminate/Routing/Controller.php(54): App\Http\Controllers\Customer\ProjectController->store()
#3 /var/www/html/rivi.com.vn/vendor/laravel/framework/src/Illuminate/Routing/ControllerDispatcher.php(43): Illuminate\Routing\Controller->callAction()
#4 /var/www/html/rivi.com.vn/vendor/laravel/framework/src/Illuminate/Routing/Route.php(262): Illuminate\Routing\ControllerDispatcher->dispatch()
#5 /var/www/html/rivi.com.vn/vendor/laravel/framework/src/Illuminate/Routing/Route.php(208): Illuminate\Routing\Route->runController()
#6 /var/www/html/rivi.com.vn/vendor/laravel/framework/src/Illuminate/Routing/Router.php(808): Illuminate\Routing\Route->run()
#7 /var/www/html/rivi.com.vn/vendor/laravel/framework/src/Illuminate/Pipeline/Pipeline.php(144): Illuminate\Routing\Router->Illuminate\Routing\{closure}()
#8 /var/www/html/rivi.com.vn/app/Http/Middleware/CustomerAuth.php(22): Illuminate\Pipeline\Pipeline->Illuminate\Pipeline\{closure}()
#9 /var/www/html/rivi.com.vn/vendor/laravel/framework/src/Illuminate/Pipeline/Pipeline.php(183): App\Http\Middleware\CustomerAuth->handle()
#10 /var/www/html/rivi.com.vn/app/Http/Middleware/Authenticate.php(48): Illuminate\Pipeline\Pipeline->Illuminate\Pipeline\{closure}()
#11 /var/www/html/rivi.com.vn/vendor/laravel/framework/src/Illuminate/Pipeline/Pipeline.php(183): App\Http\Middleware\Authenticate->handle()
#12 /var/www/html/rivi.com.vn/app/Http/Middleware/Locale.php(20): Illuminate\Pipeline\Pipeline->Illuminate\Pipeline\{closure}()
#13 /var/www/html/rivi.com.vn/vendor/laravel/framework/src/Illuminate/Pipeline/Pipeline.php(183): App\Http\Middleware\Locale->handle()
#14 /var/www/html/rivi.com.vn/vendor/laravel/framework/src/Illuminate/Routing/Middleware/SubstituteBindings.php(51): Illuminate\Pipeline\Pipeline->Illuminate\Pipeline\{closure}()
#15 /var/www/html/rivi.com.vn/vendor/laravel/framework/src/Illuminate/Pipeline/Pipeline.php(183): Illuminate\Routing\Middleware\SubstituteBindings->handle()
#16 /var/www/html/rivi.com.vn/vendor/laravel/framework/src/Illuminate/Foundation/Http/Middleware/VerifyCsrfToken.php(88): Illuminate\Pipeline\Pipeline->Illuminate\Pipeline\{closure}()
#17 /var/www/html/rivi.com.vn/vendor/laravel/framework/src/Illuminate/Pipeline/Pipeline.php(183): Illuminate\Foundation\Http\Middleware\VerifyCsrfToken->handle()
#18 /var/www/html/rivi.com.vn/vendor/laravel/framework/src/Illuminate/View/Middleware/ShareErrorsFromSession.php(49): Illuminate\Pipeline\Pipeline->Illuminate\Pipeline\{closure}()
#19 /var/www/html/rivi.com.vn/vendor/laravel/framework/src/Illuminate/Pipeline/Pipeline.php(183): Illuminate\View\Middleware\ShareErrorsFromSession->handle()
#20 /var/www/html/rivi.com.vn/vendor/laravel/framework/src/Illuminate/Session/Middleware/StartSession.php(121): Illuminate\Pipeline\Pipeline->Illuminate\Pipeline\{closure}()
#21 /var/www/html/rivi.com.vn/vendor/laravel/framework/src/Illuminate/Session/Middleware/StartSession.php(64): Illuminate\Session\Middleware\StartSession->handleStatefulRequest()
#22 /var/www/html/rivi.com.vn/vendor/laravel/framework/src/Illuminate/Pipeline/Pipeline.php(183): Illuminate\Session\Middleware\StartSession->handle()
#23 /var/www/html/rivi.com.vn/vendor/laravel/framework/src/Illuminate/Cookie/Middleware/AddQueuedCookiesToResponse.php(37): Illuminate\Pipeline\Pipeline->Illuminate\Pipeline\{closure}()
#24 /var/www/html/rivi.com.vn/vendor/laravel/framework/src/Illuminate/Pipeline/Pipeline.php(183): Illuminate\Cookie\Middleware\AddQueuedCookiesToResponse->handle()
#25 /var/www/html/rivi.com.vn/vendor/laravel/framework/src/Illuminate/Cookie/Middleware/EncryptCookies.php(75): Illuminate\Pipeline\Pipeline->Illuminate\Pipeline\{closure}()
#26 /var/www/html/rivi.com.vn/vendor/laravel/framework/src/Illuminate/Pipeline/Pipeline.php(183): Illuminate\Cookie\Middleware\EncryptCookies->handle()
#27 /var/www/html/rivi.com.vn/vendor/laravel/framework/src/Illuminate/Pipeline/Pipeline.php(119): Illuminate\Pipeline\Pipeline->Illuminate\Pipeline\{closure}()
#28 /var/www/html/rivi.com.vn/vendor/laravel/framework/src/Illuminate/Routing/Router.php(807): Illuminate\Pipeline\Pipeline->then()
#29 /var/www/html/rivi.com.vn/vendor/laravel/framework/src/Illuminate/Routing/Router.php(786): Illuminate\Routing\Router->runRouteWithinStack()
#30 /var/www/html/rivi.com.vn/vendor/laravel/framework/src/Illuminate/Routing/Router.php(750): Illuminate\Routing\Router->runRoute()
#31 /var/www/html/rivi.com.vn/vendor/laravel/framework/src/Illuminate/Routing/Router.php(739): Illuminate\Routing\Router->dispatchToRoute()
#32 /var/www/html/rivi.com.vn/vendor/laravel/framework/src/Illuminate/Foundation/Http/Kernel.php(201): Illuminate\Routing\Router->dispatch()
#33 /var/www/html/rivi.com.vn/vendor/laravel/framework/src/Illuminate/Pipeline/Pipeline.php(144): Illuminate\Foundation\Http\Kernel->Illuminate\Foundation\Http\{closure}()
#34 /var/www/html/rivi.com.vn/app/Http/Middleware/LogRequestParams.php(18): Illuminate\Pipeline\Pipeline->Illuminate\Pipeline\{closure}()
#35 /var/www/html/rivi.com.vn/vendor/laravel/framework/src/Illuminate/Pipeline/Pipeline.php(183): App\Http\Middleware\LogRequestParams->handle()
#36 /var/www/html/rivi.com.vn/app/Http/Middleware/DenyInactiveAccount.php(18): Illuminate\Pipeline\Pipeline->Illuminate\Pipeline\{closure}()
#37 /var/www/html/rivi.com.vn/vendor/laravel/framework/src/Illuminate/Pipeline/Pipeline.php(183): App\Http\Middleware\DenyInactiveAccount->handle()
#38 /var/www/html/rivi.com.vn/app/Http/Middleware/CheckTokenExpiration.php(18): Illuminate\Pipeline\Pipeline->Illuminate\Pipeline\{closure}()
#39 /var/www/html/rivi.com.vn/vendor/laravel/framework/src/Illuminate/Pipeline/Pipeline.php(183): App\Http\Middleware\CheckTokenExpiration->handle()
#40 /var/www/html/rivi.com.vn/vendor/laravel/framework/src/Illuminate/Foundation/Http/Middleware/TransformsRequest.php(21): Illuminate\Pipeline\Pipeline->Illuminate\Pipeline\{closure}()
#41 /var/www/html/rivi.com.vn/vendor/laravel/framework/src/Illuminate/Foundation/Http/Middleware/ConvertEmptyStringsToNull.php(31): Illuminate\Foundation\Http\Middleware\TransformsRequest->handle()
#42 /var/www/html/rivi.com.vn/vendor/laravel/framework/src/Illuminate/Pipeline/Pipeline.php(183): Illuminate\Foundation\Http\Middleware\ConvertEmptyStringsToNull->handle()
#43 /var/www/html/rivi.com.vn/vendor/laravel/framework/src/Illuminate/Foundation/Http/Middleware/TransformsRequest.php(21): Illuminate\Pipeline\Pipeline->Illuminate\Pipeline\{closure}()
#44 /var/www/html/rivi.com.vn/vendor/laravel/framework/src/Illuminate/Foundation/Http/Middleware/TrimStrings.php(51): Illuminate\Foundation\Http\Middleware\TransformsRequest->handle()
#45 /var/www/html/rivi.com.vn/vendor/laravel/framework/src/Illuminate/Pipeline/Pipeline.php(183): Illuminate\Foundation\Http\Middleware\TrimStrings->handle()
#46 /var/www/html/rivi.com.vn/vendor/laravel/framework/src/Illuminate/Http/Middleware/ValidatePostSize.php(27): Illuminate\Pipeline\Pipeline->Illuminate\Pipeline\{closure}()
#47 /var/www/html/rivi.com.vn/vendor/laravel/framework/src/Illuminate/Pipeline/Pipeline.php(183): Illuminate\Http\Middleware\ValidatePostSize->handle()
#48 /var/www/html/rivi.com.vn/vendor/laravel/framework/src/Illuminate/Foundation/Http/Middleware/PreventRequestsDuringMaintenance.php(110): Illuminate\Pipeline\Pipeline->Illuminate\Pipeline\{closure}()
#49 /var/www/html/rivi.com.vn/vendor/laravel/framework/src/Illuminate/Pipeline/Pipeline.php(183): Illuminate\Foundation\Http\Middleware\PreventRequestsDuringMaintenance->handle()
#50 /var/www/html/rivi.com.vn/vendor/laravel/framework/src/Illuminate/Http/Middleware/HandleCors.php(49): Illuminate\Pipeline\Pipeline->Illuminate\Pipeline\{closure}()
#51 /var/www/html/rivi.com.vn/vendor/laravel/framework/src/Illuminate/Pipeline/Pipeline.php(183): Illuminate\Http\Middleware\HandleCors->handle()
#52 /var/www/html/rivi.com.vn/vendor/laravel/framework/src/Illuminate/Http/Middleware/TrustProxies.php(58): Illuminate\Pipeline\Pipeline->Illuminate\Pipeline\{closure}()
#53 /var/www/html/rivi.com.vn/vendor/laravel/framework/src/Illuminate/Pipeline/Pipeline.php(183): Illuminate\Http\Middleware\TrustProxies->handle()
#54 /var/www/html/rivi.com.vn/vendor/laravel/framework/src/Illuminate/Foundation/Http/Middleware/InvokeDeferredCallbacks.php(22): Illuminate\Pipeline\Pipeline->Illuminate\Pipeline\{closure}()
#55 /var/www/html/rivi.com.vn/vendor/laravel/framework/src/Illuminate/Pipeline/Pipeline.php(183): Illuminate\Foundation\Http\Middleware\InvokeDeferredCallbacks->handle()
#56 /var/www/html/rivi.com.vn/vendor/laravel/framework/src/Illuminate/Pipeline/Pipeline.php(119): Illuminate\Pipeline\Pipeline->Illuminate\Pipeline\{closure}()
#57 /var/www/html/rivi.com.vn/vendor/laravel/framework/src/Illuminate/Foundation/Http/Kernel.php(176): Illuminate\Pipeline\Pipeline->then()
#58 /var/www/html/rivi.com.vn/vendor/laravel/framework/src/Illuminate/Foundation/Http/Kernel.php(145): Illuminate\Foundation\Http\Kernel->sendRequestThroughRouter()
#59 /var/www/html/rivi.com.vn/vendor/laravel/framework/src/Illuminate/Foundation/Application.php(1188): Illuminate\Foundation\Http\Kernel->handle()
#60 /var/www/html/rivi.com.vn/public/index.php(17): Illuminate\Foundation\Application->handleRequest()
#61 {main}  
[2025-02-10 07:40:46] local.ERROR: POST_/customer/create-project:ErrorException: Undefined array key "files" in /var/www/html/rivi.com.vn/app/Http/Controllers/Customer/ProjectController.php:142
Stack trace:
#0 /var/www/html/rivi.com.vn/vendor/laravel/framework/src/Illuminate/Foundation/Bootstrap/HandleExceptions.php(256): Illuminate\Foundation\Bootstrap\HandleExceptions->handleError()
#1 /var/www/html/rivi.com.vn/app/Http/Controllers/Customer/ProjectController.php(142): Illuminate\Foundation\Bootstrap\HandleExceptions->Illuminate\Foundation\Bootstrap\{closure}()
#2 /var/www/html/rivi.com.vn/vendor/laravel/framework/src/Illuminate/Routing/Controller.php(54): App\Http\Controllers\Customer\ProjectController->store()
#3 /var/www/html/rivi.com.vn/vendor/laravel/framework/src/Illuminate/Routing/ControllerDispatcher.php(43): Illuminate\Routing\Controller->callAction()
#4 /var/www/html/rivi.com.vn/vendor/laravel/framework/src/Illuminate/Routing/Route.php(262): Illuminate\Routing\ControllerDispatcher->dispatch()
#5 /var/www/html/rivi.com.vn/vendor/laravel/framework/src/Illuminate/Routing/Route.php(208): Illuminate\Routing\Route->runController()
#6 /var/www/html/rivi.com.vn/vendor/laravel/framework/src/Illuminate/Routing/Router.php(808): Illuminate\Routing\Route->run()
#7 /var/www/html/rivi.com.vn/vendor/laravel/framework/src/Illuminate/Pipeline/Pipeline.php(144): Illuminate\Routing\Router->Illuminate\Routing\{closure}()
#8 /var/www/html/rivi.com.vn/app/Http/Middleware/CustomerAuth.php(22): Illuminate\Pipeline\Pipeline->Illuminate\Pipeline\{closure}()
#9 /var/www/html/rivi.com.vn/vendor/laravel/framework/src/Illuminate/Pipeline/Pipeline.php(183): App\Http\Middleware\CustomerAuth->handle()
#10 /var/www/html/rivi.com.vn/app/Http/Middleware/Authenticate.php(48): Illuminate\Pipeline\Pipeline->Illuminate\Pipeline\{closure}()
#11 /var/www/html/rivi.com.vn/vendor/laravel/framework/src/Illuminate/Pipeline/Pipeline.php(183): App\Http\Middleware\Authenticate->handle()
#12 /var/www/html/rivi.com.vn/app/Http/Middleware/Locale.php(20): Illuminate\Pipeline\Pipeline->Illuminate\Pipeline\{closure}()
#13 /var/www/html/rivi.com.vn/vendor/laravel/framework/src/Illuminate/Pipeline/Pipeline.php(183): App\Http\Middleware\Locale->handle()
#14 /var/www/html/rivi.com.vn/vendor/laravel/framework/src/Illuminate/Routing/Middleware/SubstituteBindings.php(51): Illuminate\Pipeline\Pipeline->Illuminate\Pipeline\{closure}()
#15 /var/www/html/rivi.com.vn/vendor/laravel/framework/src/Illuminate/Pipeline/Pipeline.php(183): Illuminate\Routing\Middleware\SubstituteBindings->handle()
#16 /var/www/html/rivi.com.vn/vendor/laravel/framework/src/Illuminate/Foundation/Http/Middleware/VerifyCsrfToken.php(88): Illuminate\Pipeline\Pipeline->Illuminate\Pipeline\{closure}()
#17 /var/www/html/rivi.com.vn/vendor/laravel/framework/src/Illuminate/Pipeline/Pipeline.php(183): Illuminate\Foundation\Http\Middleware\VerifyCsrfToken->handle()
#18 /var/www/html/rivi.com.vn/vendor/laravel/framework/src/Illuminate/View/Middleware/ShareErrorsFromSession.php(49): Illuminate\Pipeline\Pipeline->Illuminate\Pipeline\{closure}()
#19 /var/www/html/rivi.com.vn/vendor/laravel/framework/src/Illuminate/Pipeline/Pipeline.php(183): Illuminate\View\Middleware\ShareErrorsFromSession->handle()
#20 /var/www/html/rivi.com.vn/vendor/laravel/framework/src/Illuminate/Session/Middleware/StartSession.php(121): Illuminate\Pipeline\Pipeline->Illuminate\Pipeline\{closure}()
#21 /var/www/html/rivi.com.vn/vendor/laravel/framework/src/Illuminate/Session/Middleware/StartSession.php(64): Illuminate\Session\Middleware\StartSession->handleStatefulRequest()
#22 /var/www/html/rivi.com.vn/vendor/laravel/framework/src/Illuminate/Pipeline/Pipeline.php(183): Illuminate\Session\Middleware\StartSession->handle()
#23 /var/www/html/rivi.com.vn/vendor/laravel/framework/src/Illuminate/Cookie/Middleware/AddQueuedCookiesToResponse.php(37): Illuminate\Pipeline\Pipeline->Illuminate\Pipeline\{closure}()
#24 /var/www/html/rivi.com.vn/vendor/laravel/framework/src/Illuminate/Pipeline/Pipeline.php(183): Illuminate\Cookie\Middleware\AddQueuedCookiesToResponse->handle()
#25 /var/www/html/rivi.com.vn/vendor/laravel/framework/src/Illuminate/Cookie/Middleware/EncryptCookies.php(75): Illuminate\Pipeline\Pipeline->Illuminate\Pipeline\{closure}()
#26 /var/www/html/rivi.com.vn/vendor/laravel/framework/src/Illuminate/Pipeline/Pipeline.php(183): Illuminate\Cookie\Middleware\EncryptCookies->handle()
#27 /var/www/html/rivi.com.vn/vendor/laravel/framework/src/Illuminate/Pipeline/Pipeline.php(119): Illuminate\Pipeline\Pipeline->Illuminate\Pipeline\{closure}()
#28 /var/www/html/rivi.com.vn/vendor/laravel/framework/src/Illuminate/Routing/Router.php(807): Illuminate\Pipeline\Pipeline->then()
#29 /var/www/html/rivi.com.vn/vendor/laravel/framework/src/Illuminate/Routing/Router.php(786): Illuminate\Routing\Router->runRouteWithinStack()
#30 /var/www/html/rivi.com.vn/vendor/laravel/framework/src/Illuminate/Routing/Router.php(750): Illuminate\Routing\Router->runRoute()
#31 /var/www/html/rivi.com.vn/vendor/laravel/framework/src/Illuminate/Routing/Router.php(739): Illuminate\Routing\Router->dispatchToRoute()
#32 /var/www/html/rivi.com.vn/vendor/laravel/framework/src/Illuminate/Foundation/Http/Kernel.php(201): Illuminate\Routing\Router->dispatch()
#33 /var/www/html/rivi.com.vn/vendor/laravel/framework/src/Illuminate/Pipeline/Pipeline.php(144): Illuminate\Foundation\Http\Kernel->Illuminate\Foundation\Http\{closure}()
#34 /var/www/html/rivi.com.vn/app/Http/Middleware/LogRequestParams.php(18): Illuminate\Pipeline\Pipeline->Illuminate\Pipeline\{closure}()
#35 /var/www/html/rivi.com.vn/vendor/laravel/framework/src/Illuminate/Pipeline/Pipeline.php(183): App\Http\Middleware\LogRequestParams->handle()
#36 /var/www/html/rivi.com.vn/app/Http/Middleware/DenyInactiveAccount.php(18): Illuminate\Pipeline\Pipeline->Illuminate\Pipeline\{closure}()
#37 /var/www/html/rivi.com.vn/vendor/laravel/framework/src/Illuminate/Pipeline/Pipeline.php(183): App\Http\Middleware\DenyInactiveAccount->handle()
#38 /var/www/html/rivi.com.vn/app/Http/Middleware/CheckTokenExpiration.php(18): Illuminate\Pipeline\Pipeline->Illuminate\Pipeline\{closure}()
#39 /var/www/html/rivi.com.vn/vendor/laravel/framework/src/Illuminate/Pipeline/Pipeline.php(183): App\Http\Middleware\CheckTokenExpiration->handle()
#40 /var/www/html/rivi.com.vn/vendor/laravel/framework/src/Illuminate/Foundation/Http/Middleware/TransformsRequest.php(21): Illuminate\Pipeline\Pipeline->Illuminate\Pipeline\{closure}()
#41 /var/www/html/rivi.com.vn/vendor/laravel/framework/src/Illuminate/Foundation/Http/Middleware/ConvertEmptyStringsToNull.php(31): Illuminate\Foundation\Http\Middleware\TransformsRequest->handle()
#42 /var/www/html/rivi.com.vn/vendor/laravel/framework/src/Illuminate/Pipeline/Pipeline.php(183): Illuminate\Foundation\Http\Middleware\ConvertEmptyStringsToNull->handle()
#43 /var/www/html/rivi.com.vn/vendor/laravel/framework/src/Illuminate/Foundation/Http/Middleware/TransformsRequest.php(21): Illuminate\Pipeline\Pipeline->Illuminate\Pipeline\{closure}()
#44 /var/www/html/rivi.com.vn/vendor/laravel/framework/src/Illuminate/Foundation/Http/Middleware/TrimStrings.php(51): Illuminate\Foundation\Http\Middleware\TransformsRequest->handle()
#45 /var/www/html/rivi.com.vn/vendor/laravel/framework/src/Illuminate/Pipeline/Pipeline.php(183): Illuminate\Foundation\Http\Middleware\TrimStrings->handle()
#46 /var/www/html/rivi.com.vn/vendor/laravel/framework/src/Illuminate/Http/Middleware/ValidatePostSize.php(27): Illuminate\Pipeline\Pipeline->Illuminate\Pipeline\{closure}()
#47 /var/www/html/rivi.com.vn/vendor/laravel/framework/src/Illuminate/Pipeline/Pipeline.php(183): Illuminate\Http\Middleware\ValidatePostSize->handle()
#48 /var/www/html/rivi.com.vn/vendor/laravel/framework/src/Illuminate/Foundation/Http/Middleware/PreventRequestsDuringMaintenance.php(110): Illuminate\Pipeline\Pipeline->Illuminate\Pipeline\{closure}()
#49 /var/www/html/rivi.com.vn/vendor/laravel/framework/src/Illuminate/Pipeline/Pipeline.php(183): Illuminate\Foundation\Http\Middleware\PreventRequestsDuringMaintenance->handle()
#50 /var/www/html/rivi.com.vn/vendor/laravel/framework/src/Illuminate/Http/Middleware/HandleCors.php(49): Illuminate\Pipeline\Pipeline->Illuminate\Pipeline\{closure}()
#51 /var/www/html/rivi.com.vn/vendor/laravel/framework/src/Illuminate/Pipeline/Pipeline.php(183): Illuminate\Http\Middleware\HandleCors->handle()
#52 /var/www/html/rivi.com.vn/vendor/laravel/framework/src/Illuminate/Http/Middleware/TrustProxies.php(58): Illuminate\Pipeline\Pipeline->Illuminate\Pipeline\{closure}()
#53 /var/www/html/rivi.com.vn/vendor/laravel/framework/src/Illuminate/Pipeline/Pipeline.php(183): Illuminate\Http\Middleware\TrustProxies->handle()
#54 /var/www/html/rivi.com.vn/vendor/laravel/framework/src/Illuminate/Foundation/Http/Middleware/InvokeDeferredCallbacks.php(22): Illuminate\Pipeline\Pipeline->Illuminate\Pipeline\{closure}()
#55 /var/www/html/rivi.com.vn/vendor/laravel/framework/src/Illuminate/Pipeline/Pipeline.php(183): Illuminate\Foundation\Http\Middleware\InvokeDeferredCallbacks->handle()
#56 /var/www/html/rivi.com.vn/vendor/laravel/framework/src/Illuminate/Pipeline/Pipeline.php(119): Illuminate\Pipeline\Pipeline->Illuminate\Pipeline\{closure}()
#57 /var/www/html/rivi.com.vn/vendor/laravel/framework/src/Illuminate/Foundation/Http/Kernel.php(176): Illuminate\Pipeline\Pipeline->then()
#58 /var/www/html/rivi.com.vn/vendor/laravel/framework/src/Illuminate/Foundation/Http/Kernel.php(145): Illuminate\Foundation\Http\Kernel->sendRequestThroughRouter()
#59 /var/www/html/rivi.com.vn/vendor/laravel/framework/src/Illuminate/Foundation/Application.php(1188): Illuminate\Foundation\Http\Kernel->handle()
#60 /var/www/html/rivi.com.vn/public/index.php(17): Illuminate\Foundation\Application->handleRequest()
#61 {main}  
