[2025-02-15 08:17:12] local.ERROR: POST_/customer/create-project:PDOException: SQLSTATE[HY000]: General error: 1364 Field 'status' doesn't have a default value in /var/www/html/rivi.com.vn/vendor/laravel/framework/src/Illuminate/Database/MySqlConnection.php:53
Stack trace:
#0 /var/www/html/rivi.com.vn/vendor/laravel/framework/src/Illuminate/Database/MySqlConnection.php(53): PDOStatement->execute()
#1 /var/www/html/rivi.com.vn/vendor/laravel/framework/src/Illuminate/Database/Connection.php(812): Illuminate\Database\MySqlConnection->Illuminate\Database\{closure}()
#2 /var/www/html/rivi.com.vn/vendor/laravel/framework/src/Illuminate/Database/Connection.php(779): Illuminate\Database\Connection->runQueryCallback()
#3 /var/www/html/rivi.com.vn/vendor/laravel/framework/src/Illuminate/Database/MySqlConnection.php(42): Illuminate\Database\Connection->run()
#4 /var/www/html/rivi.com.vn/vendor/laravel/framework/src/Illuminate/Database/Query/Processors/MySqlProcessor.php(35): Illuminate\Database\MySqlConnection->insert()
#5 /var/www/html/rivi.com.vn/vendor/laravel/framework/src/Illuminate/Database/Query/Builder.php(3796): Illuminate\Database\Query\Processors\MySqlProcessor->processInsertGetId()
#6 /var/www/html/rivi.com.vn/vendor/laravel/framework/src/Illuminate/Database/Eloquent/Builder.php(2038): Illuminate\Database\Query\Builder->insertGetId()
#7 /var/www/html/rivi.com.vn/vendor/laravel/framework/src/Illuminate/Database/Eloquent/Model.php(1358): Illuminate\Database\Eloquent\Builder->__call()
#8 /var/www/html/rivi.com.vn/vendor/laravel/framework/src/Illuminate/Database/Eloquent/Model.php(1323): Illuminate\Database\Eloquent\Model->insertAndSetId()
#9 /var/www/html/rivi.com.vn/vendor/laravel/framework/src/Illuminate/Database/Eloquent/Model.php(1162): Illuminate\Database\Eloquent\Model->performInsert()
#10 /var/www/html/rivi.com.vn/vendor/laravel/framework/src/Illuminate/Database/Eloquent/Builder.php(1079): Illuminate\Database\Eloquent\Model->save()
#11 /var/www/html/rivi.com.vn/vendor/laravel/framework/src/Illuminate/Support/helpers.php(380): Illuminate\Database\Eloquent\Builder->Illuminate\Database\Eloquent\{closure}()
#12 /var/www/html/rivi.com.vn/vendor/laravel/framework/src/Illuminate/Database/Eloquent/Builder.php(1078): tap()
#13 /var/www/html/rivi.com.vn/vendor/laravel/framework/src/Illuminate/Support/Traits/ForwardsCalls.php(23): Illuminate\Database\Eloquent\Builder->create()
#14 /var/www/html/rivi.com.vn/vendor/laravel/framework/src/Illuminate/Database/Eloquent/Model.php(2367): Illuminate\Database\Eloquent\Model->forwardCallTo()
#15 /var/www/html/rivi.com.vn/app/Repositories/BaseRepository.php(36): Illuminate\Database\Eloquent\Model->__call()
#16 /var/www/html/rivi.com.vn/app/Services/ProjectService.php(77): App\Repositories\BaseRepository->create()
#17 /var/www/html/rivi.com.vn/app/Http/Controllers/Customer/ProjectController.php(85): App\Services\ProjectService->create()
#18 /var/www/html/rivi.com.vn/vendor/laravel/framework/src/Illuminate/Routing/Controller.php(54): App\Http\Controllers\Customer\ProjectController->store()
#19 /var/www/html/rivi.com.vn/vendor/laravel/framework/src/Illuminate/Routing/ControllerDispatcher.php(43): Illuminate\Routing\Controller->callAction()
#20 /var/www/html/rivi.com.vn/vendor/laravel/framework/src/Illuminate/Routing/Route.php(262): Illuminate\Routing\ControllerDispatcher->dispatch()
#21 /var/www/html/rivi.com.vn/vendor/laravel/framework/src/Illuminate/Routing/Route.php(208): Illuminate\Routing\Route->runController()
#22 /var/www/html/rivi.com.vn/vendor/laravel/framework/src/Illuminate/Routing/Router.php(808): Illuminate\Routing\Route->run()
#23 /var/www/html/rivi.com.vn/vendor/laravel/framework/src/Illuminate/Pipeline/Pipeline.php(144): Illuminate\Routing\Router->Illuminate\Routing\{closure}()
#24 /var/www/html/rivi.com.vn/app/Http/Middleware/CustomerAuth.php(22): Illuminate\Pipeline\Pipeline->Illuminate\Pipeline\{closure}()
#25 /var/www/html/rivi.com.vn/vendor/laravel/framework/src/Illuminate/Pipeline/Pipeline.php(183): App\Http\Middleware\CustomerAuth->handle()
#26 /var/www/html/rivi.com.vn/app/Http/Middleware/Authenticate.php(48): Illuminate\Pipeline\Pipeline->Illuminate\Pipeline\{closure}()
#27 /var/www/html/rivi.com.vn/vendor/laravel/framework/src/Illuminate/Pipeline/Pipeline.php(183): App\Http\Middleware\Authenticate->handle()
#28 /var/www/html/rivi.com.vn/app/Http/Middleware/Locale.php(20): Illuminate\Pipeline\Pipeline->Illuminate\Pipeline\{closure}()
#29 /var/www/html/rivi.com.vn/vendor/laravel/framework/src/Illuminate/Pipeline/Pipeline.php(183): App\Http\Middleware\Locale->handle()
#30 /var/www/html/rivi.com.vn/vendor/laravel/framework/src/Illuminate/Routing/Middleware/SubstituteBindings.php(51): Illuminate\Pipeline\Pipeline->Illuminate\Pipeline\{closure}()
#31 /var/www/html/rivi.com.vn/vendor/laravel/framework/src/Illuminate/Pipeline/Pipeline.php(183): Illuminate\Routing\Middleware\SubstituteBindings->handle()
#32 /var/www/html/rivi.com.vn/vendor/laravel/framework/src/Illuminate/Foundation/Http/Middleware/VerifyCsrfToken.php(88): Illuminate\Pipeline\Pipeline->Illuminate\Pipeline\{closure}()
#33 /var/www/html/rivi.com.vn/vendor/laravel/framework/src/Illuminate/Pipeline/Pipeline.php(183): Illuminate\Foundation\Http\Middleware\VerifyCsrfToken->handle()
#34 /var/www/html/rivi.com.vn/vendor/laravel/framework/src/Illuminate/View/Middleware/ShareErrorsFromSession.php(49): Illuminate\Pipeline\Pipeline->Illuminate\Pipeline\{closure}()
#35 /var/www/html/rivi.com.vn/vendor/laravel/framework/src/Illuminate/Pipeline/Pipeline.php(183): Illuminate\View\Middleware\ShareErrorsFromSession->handle()
#36 /var/www/html/rivi.com.vn/vendor/laravel/framework/src/Illuminate/Session/Middleware/StartSession.php(121): Illuminate\Pipeline\Pipeline->Illuminate\Pipeline\{closure}()
#37 /var/www/html/rivi.com.vn/vendor/laravel/framework/src/Illuminate/Session/Middleware/StartSession.php(64): Illuminate\Session\Middleware\StartSession->handleStatefulRequest()
#38 /var/www/html/rivi.com.vn/vendor/laravel/framework/src/Illuminate/Pipeline/Pipeline.php(183): Illuminate\Session\Middleware\StartSession->handle()
#39 /var/www/html/rivi.com.vn/vendor/laravel/framework/src/Illuminate/Cookie/Middleware/AddQueuedCookiesToResponse.php(37): Illuminate\Pipeline\Pipeline->Illuminate\Pipeline\{closure}()
#40 /var/www/html/rivi.com.vn/vendor/laravel/framework/src/Illuminate/Pipeline/Pipeline.php(183): Illuminate\Cookie\Middleware\AddQueuedCookiesToResponse->handle()
#41 /var/www/html/rivi.com.vn/vendor/laravel/framework/src/Illuminate/Cookie/Middleware/EncryptCookies.php(75): Illuminate\Pipeline\Pipeline->Illuminate\Pipeline\{closure}()
#42 /var/www/html/rivi.com.vn/vendor/laravel/framework/src/Illuminate/Pipeline/Pipeline.php(183): Illuminate\Cookie\Middleware\EncryptCookies->handle()
#43 /var/www/html/rivi.com.vn/vendor/laravel/framework/src/Illuminate/Pipeline/Pipeline.php(119): Illuminate\Pipeline\Pipeline->Illuminate\Pipeline\{closure}()
#44 /var/www/html/rivi.com.vn/vendor/laravel/framework/src/Illuminate/Routing/Router.php(807): Illuminate\Pipeline\Pipeline->then()
#45 /var/www/html/rivi.com.vn/vendor/laravel/framework/src/Illuminate/Routing/Router.php(786): Illuminate\Routing\Router->runRouteWithinStack()
#46 /var/www/html/rivi.com.vn/vendor/laravel/framework/src/Illuminate/Routing/Router.php(750): Illuminate\Routing\Router->runRoute()
#47 /var/www/html/rivi.com.vn/vendor/laravel/framework/src/Illuminate/Routing/Router.php(739): Illuminate\Routing\Router->dispatchToRoute()
#48 /var/www/html/rivi.com.vn/vendor/laravel/framework/src/Illuminate/Foundation/Http/Kernel.php(201): Illuminate\Routing\Router->dispatch()
#49 /var/www/html/rivi.com.vn/vendor/laravel/framework/src/Illuminate/Pipeline/Pipeline.php(144): Illuminate\Foundation\Http\Kernel->Illuminate\Foundation\Http\{closure}()
#50 /var/www/html/rivi.com.vn/app/Http/Middleware/LogRequestParams.php(18): Illuminate\Pipeline\Pipeline->Illuminate\Pipeline\{closure}()
#51 /var/www/html/rivi.com.vn/vendor/laravel/framework/src/Illuminate/Pipeline/Pipeline.php(183): App\Http\Middleware\LogRequestParams->handle()
#52 /var/www/html/rivi.com.vn/app/Http/Middleware/DenyInactiveAccount.php(18): Illuminate\Pipeline\Pipeline->Illuminate\Pipeline\{closure}()
#53 /var/www/html/rivi.com.vn/vendor/laravel/framework/src/Illuminate/Pipeline/Pipeline.php(183): App\Http\Middleware\DenyInactiveAccount->handle()
#54 /var/www/html/rivi.com.vn/app/Http/Middleware/CheckTokenExpiration.php(18): Illuminate\Pipeline\Pipeline->Illuminate\Pipeline\{closure}()
#55 /var/www/html/rivi.com.vn/vendor/laravel/framework/src/Illuminate/Pipeline/Pipeline.php(183): App\Http\Middleware\CheckTokenExpiration->handle()
#56 /var/www/html/rivi.com.vn/vendor/laravel/framework/src/Illuminate/Foundation/Http/Middleware/TransformsRequest.php(21): Illuminate\Pipeline\Pipeline->Illuminate\Pipeline\{closure}()
#57 /var/www/html/rivi.com.vn/vendor/laravel/framework/src/Illuminate/Foundation/Http/Middleware/ConvertEmptyStringsToNull.php(31): Illuminate\Foundation\Http\Middleware\TransformsRequest->handle()
#58 /var/www/html/rivi.com.vn/vendor/laravel/framework/src/Illuminate/Pipeline/Pipeline.php(183): Illuminate\Foundation\Http\Middleware\ConvertEmptyStringsToNull->handle()
#59 /var/www/html/rivi.com.vn/vendor/laravel/framework/src/Illuminate/Foundation/Http/Middleware/TransformsRequest.php(21): Illuminate\Pipeline\Pipeline->Illuminate\Pipeline\{closure}()
#60 /var/www/html/rivi.com.vn/vendor/laravel/framework/src/Illuminate/Foundation/Http/Middleware/TrimStrings.php(51): Illuminate\Foundation\Http\Middleware\TransformsRequest->handle()
#61 /var/www/html/rivi.com.vn/vendor/laravel/framework/src/Illuminate/Pipeline/Pipeline.php(183): Illuminate\Foundation\Http\Middleware\TrimStrings->handle()
#62 /var/www/html/rivi.com.vn/vendor/laravel/framework/src/Illuminate/Http/Middleware/ValidatePostSize.php(27): Illuminate\Pipeline\Pipeline->Illuminate\Pipeline\{closure}()
#63 /var/www/html/rivi.com.vn/vendor/laravel/framework/src/Illuminate/Pipeline/Pipeline.php(183): Illuminate\Http\Middleware\ValidatePostSize->handle()
#64 /var/www/html/rivi.com.vn/vendor/laravel/framework/src/Illuminate/Foundation/Http/Middleware/PreventRequestsDuringMaintenance.php(110): Illuminate\Pipeline\Pipeline->Illuminate\Pipeline\{closure}()
#65 /var/www/html/rivi.com.vn/vendor/laravel/framework/src/Illuminate/Pipeline/Pipeline.php(183): Illuminate\Foundation\Http\Middleware\PreventRequestsDuringMaintenance->handle()
#66 /var/www/html/rivi.com.vn/vendor/laravel/framework/src/Illuminate/Http/Middleware/HandleCors.php(49): Illuminate\Pipeline\Pipeline->Illuminate\Pipeline\{closure}()
#67 /var/www/html/rivi.com.vn/vendor/laravel/framework/src/Illuminate/Pipeline/Pipeline.php(183): Illuminate\Http\Middleware\HandleCors->handle()
#68 /var/www/html/rivi.com.vn/vendor/laravel/framework/src/Illuminate/Http/Middleware/TrustProxies.php(58): Illuminate\Pipeline\Pipeline->Illuminate\Pipeline\{closure}()
#69 /var/www/html/rivi.com.vn/vendor/laravel/framework/src/Illuminate/Pipeline/Pipeline.php(183): Illuminate\Http\Middleware\TrustProxies->handle()
#70 /var/www/html/rivi.com.vn/vendor/laravel/framework/src/Illuminate/Foundation/Http/Middleware/InvokeDeferredCallbacks.php(22): Illuminate\Pipeline\Pipeline->Illuminate\Pipeline\{closure}()
#71 /var/www/html/rivi.com.vn/vendor/laravel/framework/src/Illuminate/Pipeline/Pipeline.php(183): Illuminate\Foundation\Http\Middleware\InvokeDeferredCallbacks->handle()
#72 /var/www/html/rivi.com.vn/vendor/laravel/framework/src/Illuminate/Pipeline/Pipeline.php(119): Illuminate\Pipeline\Pipeline->Illuminate\Pipeline\{closure}()
#73 /var/www/html/rivi.com.vn/vendor/laravel/framework/src/Illuminate/Foundation/Http/Kernel.php(176): Illuminate\Pipeline\Pipeline->then()
#74 /var/www/html/rivi.com.vn/vendor/laravel/framework/src/Illuminate/Foundation/Http/Kernel.php(145): Illuminate\Foundation\Http\Kernel->sendRequestThroughRouter()
#75 /var/www/html/rivi.com.vn/vendor/laravel/framework/src/Illuminate/Foundation/Application.php(1188): Illuminate\Foundation\Http\Kernel->handle()
#76 /var/www/html/rivi.com.vn/public/index.php(17): Illuminate\Foundation\Application->handleRequest()
#77 {main}

Next Illuminate\Database\QueryException: SQLSTATE[HY000]: General error: 1364 Field 'status' doesn't have a default value (Connection: mysql, SQL: insert into `projects` (`name`, `project_code`, `description`, `package`, `is_slow`, `point_slow`, `latitude`, `longitude`, `place_id`, `has_image`, `rating_google`, `rating_desire`, `created_by`, `created_at`, `updated_at`) values (Quán ăn quê hương, RIVI_QAQH_49, Quán ăn quê hương, 4, on, 6, 10.8229009, 106.7069666, ChIJ5dAXa44odTER7aO7NEAZwcg, 1, 4.1, 4.9, 25, 2025-02-15 08:17:12, 2025-02-15 08:17:12)) in /var/www/html/rivi.com.vn/vendor/laravel/framework/src/Illuminate/Database/Connection.php:825
Stack trace:
#0 /var/www/html/rivi.com.vn/vendor/laravel/framework/src/Illuminate/Database/Connection.php(779): Illuminate\Database\Connection->runQueryCallback()
#1 /var/www/html/rivi.com.vn/vendor/laravel/framework/src/Illuminate/Database/MySqlConnection.php(42): Illuminate\Database\Connection->run()
#2 /var/www/html/rivi.com.vn/vendor/laravel/framework/src/Illuminate/Database/Query/Processors/MySqlProcessor.php(35): Illuminate\Database\MySqlConnection->insert()
#3 /var/www/html/rivi.com.vn/vendor/laravel/framework/src/Illuminate/Database/Query/Builder.php(3796): Illuminate\Database\Query\Processors\MySqlProcessor->processInsertGetId()
#4 /var/www/html/rivi.com.vn/vendor/laravel/framework/src/Illuminate/Database/Eloquent/Builder.php(2038): Illuminate\Database\Query\Builder->insertGetId()
#5 /var/www/html/rivi.com.vn/vendor/laravel/framework/src/Illuminate/Database/Eloquent/Model.php(1358): Illuminate\Database\Eloquent\Builder->__call()
#6 /var/www/html/rivi.com.vn/vendor/laravel/framework/src/Illuminate/Database/Eloquent/Model.php(1323): Illuminate\Database\Eloquent\Model->insertAndSetId()
#7 /var/www/html/rivi.com.vn/vendor/laravel/framework/src/Illuminate/Database/Eloquent/Model.php(1162): Illuminate\Database\Eloquent\Model->performInsert()
#8 /var/www/html/rivi.com.vn/vendor/laravel/framework/src/Illuminate/Database/Eloquent/Builder.php(1079): Illuminate\Database\Eloquent\Model->save()
#9 /var/www/html/rivi.com.vn/vendor/laravel/framework/src/Illuminate/Support/helpers.php(380): Illuminate\Database\Eloquent\Builder->Illuminate\Database\Eloquent\{closure}()
#10 /var/www/html/rivi.com.vn/vendor/laravel/framework/src/Illuminate/Database/Eloquent/Builder.php(1078): tap()
#11 /var/www/html/rivi.com.vn/vendor/laravel/framework/src/Illuminate/Support/Traits/ForwardsCalls.php(23): Illuminate\Database\Eloquent\Builder->create()
#12 /var/www/html/rivi.com.vn/vendor/laravel/framework/src/Illuminate/Database/Eloquent/Model.php(2367): Illuminate\Database\Eloquent\Model->forwardCallTo()
#13 /var/www/html/rivi.com.vn/app/Repositories/BaseRepository.php(36): Illuminate\Database\Eloquent\Model->__call()
#14 /var/www/html/rivi.com.vn/app/Services/ProjectService.php(77): App\Repositories\BaseRepository->create()
#15 /var/www/html/rivi.com.vn/app/Http/Controllers/Customer/ProjectController.php(85): App\Services\ProjectService->create()
#16 /var/www/html/rivi.com.vn/vendor/laravel/framework/src/Illuminate/Routing/Controller.php(54): App\Http\Controllers\Customer\ProjectController->store()
#17 /var/www/html/rivi.com.vn/vendor/laravel/framework/src/Illuminate/Routing/ControllerDispatcher.php(43): Illuminate\Routing\Controller->callAction()
#18 /var/www/html/rivi.com.vn/vendor/laravel/framework/src/Illuminate/Routing/Route.php(262): Illuminate\Routing\ControllerDispatcher->dispatch()
#19 /var/www/html/rivi.com.vn/vendor/laravel/framework/src/Illuminate/Routing/Route.php(208): Illuminate\Routing\Route->runController()
#20 /var/www/html/rivi.com.vn/vendor/laravel/framework/src/Illuminate/Routing/Router.php(808): Illuminate\Routing\Route->run()
#21 /var/www/html/rivi.com.vn/vendor/laravel/framework/src/Illuminate/Pipeline/Pipeline.php(144): Illuminate\Routing\Router->Illuminate\Routing\{closure}()
#22 /var/www/html/rivi.com.vn/app/Http/Middleware/CustomerAuth.php(22): Illuminate\Pipeline\Pipeline->Illuminate\Pipeline\{closure}()
#23 /var/www/html/rivi.com.vn/vendor/laravel/framework/src/Illuminate/Pipeline/Pipeline.php(183): App\Http\Middleware\CustomerAuth->handle()
#24 /var/www/html/rivi.com.vn/app/Http/Middleware/Authenticate.php(48): Illuminate\Pipeline\Pipeline->Illuminate\Pipeline\{closure}()
#25 /var/www/html/rivi.com.vn/vendor/laravel/framework/src/Illuminate/Pipeline/Pipeline.php(183): App\Http\Middleware\Authenticate->handle()
#26 /var/www/html/rivi.com.vn/app/Http/Middleware/Locale.php(20): Illuminate\Pipeline\Pipeline->Illuminate\Pipeline\{closure}()
#27 /var/www/html/rivi.com.vn/vendor/laravel/framework/src/Illuminate/Pipeline/Pipeline.php(183): App\Http\Middleware\Locale->handle()
#28 /var/www/html/rivi.com.vn/vendor/laravel/framework/src/Illuminate/Routing/Middleware/SubstituteBindings.php(51): Illuminate\Pipeline\Pipeline->Illuminate\Pipeline\{closure}()
#29 /var/www/html/rivi.com.vn/vendor/laravel/framework/src/Illuminate/Pipeline/Pipeline.php(183): Illuminate\Routing\Middleware\SubstituteBindings->handle()
#30 /var/www/html/rivi.com.vn/vendor/laravel/framework/src/Illuminate/Foundation/Http/Middleware/VerifyCsrfToken.php(88): Illuminate\Pipeline\Pipeline->Illuminate\Pipeline\{closure}()
#31 /var/www/html/rivi.com.vn/vendor/laravel/framework/src/Illuminate/Pipeline/Pipeline.php(183): Illuminate\Foundation\Http\Middleware\VerifyCsrfToken->handle()
#32 /var/www/html/rivi.com.vn/vendor/laravel/framework/src/Illuminate/View/Middleware/ShareErrorsFromSession.php(49): Illuminate\Pipeline\Pipeline->Illuminate\Pipeline\{closure}()
#33 /var/www/html/rivi.com.vn/vendor/laravel/framework/src/Illuminate/Pipeline/Pipeline.php(183): Illuminate\View\Middleware\ShareErrorsFromSession->handle()
#34 /var/www/html/rivi.com.vn/vendor/laravel/framework/src/Illuminate/Session/Middleware/StartSession.php(121): Illuminate\Pipeline\Pipeline->Illuminate\Pipeline\{closure}()
#35 /var/www/html/rivi.com.vn/vendor/laravel/framework/src/Illuminate/Session/Middleware/StartSession.php(64): Illuminate\Session\Middleware\StartSession->handleStatefulRequest()
#36 /var/www/html/rivi.com.vn/vendor/laravel/framework/src/Illuminate/Pipeline/Pipeline.php(183): Illuminate\Session\Middleware\StartSession->handle()
#37 /var/www/html/rivi.com.vn/vendor/laravel/framework/src/Illuminate/Cookie/Middleware/AddQueuedCookiesToResponse.php(37): Illuminate\Pipeline\Pipeline->Illuminate\Pipeline\{closure}()
#38 /var/www/html/rivi.com.vn/vendor/laravel/framework/src/Illuminate/Pipeline/Pipeline.php(183): Illuminate\Cookie\Middleware\AddQueuedCookiesToResponse->handle()
#39 /var/www/html/rivi.com.vn/vendor/laravel/framework/src/Illuminate/Cookie/Middleware/EncryptCookies.php(75): Illuminate\Pipeline\Pipeline->Illuminate\Pipeline\{closure}()
#40 /var/www/html/rivi.com.vn/vendor/laravel/framework/src/Illuminate/Pipeline/Pipeline.php(183): Illuminate\Cookie\Middleware\EncryptCookies->handle()
#41 /var/www/html/rivi.com.vn/vendor/laravel/framework/src/Illuminate/Pipeline/Pipeline.php(119): Illuminate\Pipeline\Pipeline->Illuminate\Pipeline\{closure}()
#42 /var/www/html/rivi.com.vn/vendor/laravel/framework/src/Illuminate/Routing/Router.php(807): Illuminate\Pipeline\Pipeline->then()
#43 /var/www/html/rivi.com.vn/vendor/laravel/framework/src/Illuminate/Routing/Router.php(786): Illuminate\Routing\Router->runRouteWithinStack()
#44 /var/www/html/rivi.com.vn/vendor/laravel/framework/src/Illuminate/Routing/Router.php(750): Illuminate\Routing\Router->runRoute()
#45 /var/www/html/rivi.com.vn/vendor/laravel/framework/src/Illuminate/Routing/Router.php(739): Illuminate\Routing\Router->dispatchToRoute()
#46 /var/www/html/rivi.com.vn/vendor/laravel/framework/src/Illuminate/Foundation/Http/Kernel.php(201): Illuminate\Routing\Router->dispatch()
#47 /var/www/html/rivi.com.vn/vendor/laravel/framework/src/Illuminate/Pipeline/Pipeline.php(144): Illuminate\Foundation\Http\Kernel->Illuminate\Foundation\Http\{closure}()
#48 /var/www/html/rivi.com.vn/app/Http/Middleware/LogRequestParams.php(18): Illuminate\Pipeline\Pipeline->Illuminate\Pipeline\{closure}()
#49 /var/www/html/rivi.com.vn/vendor/laravel/framework/src/Illuminate/Pipeline/Pipeline.php(183): App\Http\Middleware\LogRequestParams->handle()
#50 /var/www/html/rivi.com.vn/app/Http/Middleware/DenyInactiveAccount.php(18): Illuminate\Pipeline\Pipeline->Illuminate\Pipeline\{closure}()
#51 /var/www/html/rivi.com.vn/vendor/laravel/framework/src/Illuminate/Pipeline/Pipeline.php(183): App\Http\Middleware\DenyInactiveAccount->handle()
#52 /var/www/html/rivi.com.vn/app/Http/Middleware/CheckTokenExpiration.php(18): Illuminate\Pipeline\Pipeline->Illuminate\Pipeline\{closure}()
#53 /var/www/html/rivi.com.vn/vendor/laravel/framework/src/Illuminate/Pipeline/Pipeline.php(183): App\Http\Middleware\CheckTokenExpiration->handle()
#54 /var/www/html/rivi.com.vn/vendor/laravel/framework/src/Illuminate/Foundation/Http/Middleware/TransformsRequest.php(21): Illuminate\Pipeline\Pipeline->Illuminate\Pipeline\{closure}()
#55 /var/www/html/rivi.com.vn/vendor/laravel/framework/src/Illuminate/Foundation/Http/Middleware/ConvertEmptyStringsToNull.php(31): Illuminate\Foundation\Http\Middleware\TransformsRequest->handle()
#56 /var/www/html/rivi.com.vn/vendor/laravel/framework/src/Illuminate/Pipeline/Pipeline.php(183): Illuminate\Foundation\Http\Middleware\ConvertEmptyStringsToNull->handle()
#57 /var/www/html/rivi.com.vn/vendor/laravel/framework/src/Illuminate/Foundation/Http/Middleware/TransformsRequest.php(21): Illuminate\Pipeline\Pipeline->Illuminate\Pipeline\{closure}()
#58 /var/www/html/rivi.com.vn/vendor/laravel/framework/src/Illuminate/Foundation/Http/Middleware/TrimStrings.php(51): Illuminate\Foundation\Http\Middleware\TransformsRequest->handle()
#59 /var/www/html/rivi.com.vn/vendor/laravel/framework/src/Illuminate/Pipeline/Pipeline.php(183): Illuminate\Foundation\Http\Middleware\TrimStrings->handle()
#60 /var/www/html/rivi.com.vn/vendor/laravel/framework/src/Illuminate/Http/Middleware/ValidatePostSize.php(27): Illuminate\Pipeline\Pipeline->Illuminate\Pipeline\{closure}()
#61 /var/www/html/rivi.com.vn/vendor/laravel/framework/src/Illuminate/Pipeline/Pipeline.php(183): Illuminate\Http\Middleware\ValidatePostSize->handle()
#62 /var/www/html/rivi.com.vn/vendor/laravel/framework/src/Illuminate/Foundation/Http/Middleware/PreventRequestsDuringMaintenance.php(110): Illuminate\Pipeline\Pipeline->Illuminate\Pipeline\{closure}()
#63 /var/www/html/rivi.com.vn/vendor/laravel/framework/src/Illuminate/Pipeline/Pipeline.php(183): Illuminate\Foundation\Http\Middleware\PreventRequestsDuringMaintenance->handle()
#64 /var/www/html/rivi.com.vn/vendor/laravel/framework/src/Illuminate/Http/Middleware/HandleCors.php(49): Illuminate\Pipeline\Pipeline->Illuminate\Pipeline\{closure}()
#65 /var/www/html/rivi.com.vn/vendor/laravel/framework/src/Illuminate/Pipeline/Pipeline.php(183): Illuminate\Http\Middleware\HandleCors->handle()
#66 /var/www/html/rivi.com.vn/vendor/laravel/framework/src/Illuminate/Http/Middleware/TrustProxies.php(58): Illuminate\Pipeline\Pipeline->Illuminate\Pipeline\{closure}()
#67 /var/www/html/rivi.com.vn/vendor/laravel/framework/src/Illuminate/Pipeline/Pipeline.php(183): Illuminate\Http\Middleware\TrustProxies->handle()
#68 /var/www/html/rivi.com.vn/vendor/laravel/framework/src/Illuminate/Foundation/Http/Middleware/InvokeDeferredCallbacks.php(22): Illuminate\Pipeline\Pipeline->Illuminate\Pipeline\{closure}()
#69 /var/www/html/rivi.com.vn/vendor/laravel/framework/src/Illuminate/Pipeline/Pipeline.php(183): Illuminate\Foundation\Http\Middleware\InvokeDeferredCallbacks->handle()
#70 /var/www/html/rivi.com.vn/vendor/laravel/framework/src/Illuminate/Pipeline/Pipeline.php(119): Illuminate\Pipeline\Pipeline->Illuminate\Pipeline\{closure}()
#71 /var/www/html/rivi.com.vn/vendor/laravel/framework/src/Illuminate/Foundation/Http/Kernel.php(176): Illuminate\Pipeline\Pipeline->then()
#72 /var/www/html/rivi.com.vn/vendor/laravel/framework/src/Illuminate/Foundation/Http/Kernel.php(145): Illuminate\Foundation\Http\Kernel->sendRequestThroughRouter()
#73 /var/www/html/rivi.com.vn/vendor/laravel/framework/src/Illuminate/Foundation/Application.php(1188): Illuminate\Foundation\Http\Kernel->handle()
#74 /var/www/html/rivi.com.vn/public/index.php(17): Illuminate\Foundation\Application->handleRequest()
#75 {main}  
